src/components/areas/finance/AdvancedWidgets.tsx(288,64): error TS2322: Type '{ children: string; tone: "success" | "warning"; variant: string; }' is not assignable to type 'IntrinsicAttributes & BadgeProps'.
  Property 'variant' does not exist on type 'IntrinsicAttributes & BadgeProps'.
src/components/areas/finance/HomeTab.tsx(236,11): error TS2322: Type '{ size: "sm"; value: "This Week" | "This Month" | "This Year"; onChange: (v: string) => void; className: string; options: { label: string; value: string; }[]; }' is not assignable to type 'IntrinsicAttributes & SelectProps'.
  Property 'className' does not exist on type 'IntrinsicAttributes & SelectProps'.
src/components/areas/finance/HomeTab.tsx(315,30): error TS2322: Type '"error" | "success" | "warning"' is not assignable to type 'BadgeTone | undefined'.
  Type '"error"' is not assignable to type 'BadgeTone | undefined'.
src/components/areas/finance/ImportCsvModal.tsx(6,18): error TS2305: Module '"@ledgr/ui"' has no exported member 'DialogContent'.
src/components/areas/finance/ImportCsvModal.tsx(6,33): error TS2305: Module '"@ledgr/ui"' has no exported member 'DialogHeader'.
src/components/areas/finance/ImportCsvModal.tsx(6,47): error TS2305: Module '"@ledgr/ui"' has no exported member 'DialogTitle'.
src/components/areas/finance/ImportCsvModal.tsx(209,23): error TS2322: Type '{ className: string; placeholder: string; options: { value: string; label: string; }[]; value: string | undefined; onChange: (v: string) => void; }' is not assignable to type 'IntrinsicAttributes & SelectProps'.
  Property 'className' does not exist on type 'IntrinsicAttributes & SelectProps'.
src/components/areas/finance/ImportCsvModal.tsx(213,23): error TS2322: Type '{ className: string; options: { label: string; value: string; }[]; value: string; onChange: Dispatch<SetStateAction<string>>; }' is not assignable to type 'IntrinsicAttributes & SelectProps'.
  Property 'className' does not exist on type 'IntrinsicAttributes & SelectProps'.
src/components/areas/finance/ImportCsvModal.tsx(217,23): error TS2322: Type '{ className: string; placeholder: string; options: { value: string; label: string; }[]; value: string | undefined; onChange: (v: string) => void; }' is not assignable to type 'IntrinsicAttributes & SelectProps'.
  Property 'className' does not exist on type 'IntrinsicAttributes & SelectProps'.
src/components/areas/finance/ImportCsvModal.tsx(221,23): error TS2322: Type '{ className: string; placeholder: string; options: { value: string; label: string; }[]; value: string | undefined; onChange: (v: string) => void; }' is not assignable to type 'IntrinsicAttributes & SelectProps'.
  Property 'className' does not exist on type 'IntrinsicAttributes & SelectProps'.
src/components/areas/finance/ImportCsvModal.tsx(226,17): error TS2322: Type '{ className: string; options: { label: string; value: string; }[]; value: string; onChange: Dispatch<SetStateAction<string>>; }' is not assignable to type 'IntrinsicAttributes & SelectProps'.
  Property 'className' does not exist on type 'IntrinsicAttributes & SelectProps'.
src/components/areas/finance/ImportCsvModal.tsx(235,17): error TS2322: Type '{ className: string; placeholder: string; options: { label: any; value: any; }[]; value: string | undefined; onChange: Dispatch<SetStateAction<string | undefined>>; }' is not assignable to type 'IntrinsicAttributes & SelectProps'.
  Property 'className' does not exist on type 'IntrinsicAttributes & SelectProps'.
src/components/areas/finance/ImportCsvModal.tsx(275,28): error TS2322: Type '"success" | "critical"' is not assignable to type 'BadgeTone | undefined'.
  Type '"critical"' is not assignable to type 'BadgeTone | undefined'.
src/components/areas/finance/ImportCsvModal.tsx(285,31): error TS2322: Type '{ size: "sm"; className: string; placeholder: string; value: string | undefined; onChange: (val: string) => void; options: { label: string; value: string; }[]; }' is not assignable to type 'IntrinsicAttributes & SelectProps'.
  Property 'className' does not exist on type 'IntrinsicAttributes & SelectProps'.
src/components/areas/finance/ImportCsvModal.tsx(300,35): error TS2322: Type '{ children: (string | number)[]; variant: "primary"; icon: Element; disabled: boolean; loading: boolean; onClick: () => void; }' is not assignable to type 'IntrinsicAttributes & ButtonProps & RefAttributes<HTMLButtonElement>'.
  Property 'icon' does not exist on type 'IntrinsicAttributes & ButtonProps & RefAttributes<HTMLButtonElement>'.
src/components/areas/finance/PayoffPlanner.tsx(149,71): error TS2322: Type '{ children: (string | number)[]; key: string; tone: "info" | "neutral"; variant: string; }' is not assignable to type 'IntrinsicAttributes & BadgeProps'.
  Property 'variant' does not exist on type 'IntrinsicAttributes & BadgeProps'.
src/components/areas/finance/TransactionsTab.tsx(257,11): error TS17001: JSX elements cannot have multiple attributes with the same name.
src/components/areas/finance/TransactionsTab.tsx(273,59): error TS2339: Property 'Option' does not exist on type '({ value, defaultValue, onChange, options, placeholder, size, invalid, disabled, fullWidth, "aria-label": ariaLabel, id, renderValue, children, }: SelectProps) => Element'.
src/components/areas/finance/TransactionsTab.tsx(273,107): error TS2339: Property 'Option' does not exist on type '({ value, defaultValue, onChange, options, placeholder, size, invalid, disabled, fullWidth, "aria-label": ariaLabel, id, renderValue, children, }: SelectProps) => Element'.
src/components/areas/finance/TransactionsTab.tsx(278,59): error TS2339: Property 'Option' does not exist on type '({ value, defaultValue, onChange, options, placeholder, size, invalid, disabled, fullWidth, "aria-label": ariaLabel, id, renderValue, children, }: SelectProps) => Element'.
src/components/areas/finance/TransactionsTab.tsx(278,107): error TS2339: Property 'Option' does not exist on type '({ value, defaultValue, onChange, options, placeholder, size, invalid, disabled, fullWidth, "aria-label": ariaLabel, id, renderValue, children, }: SelectProps) => Element'.
src/components/areas/finance/TransactionsTab.tsx(286,105): error TS2322: Type '{ children: Element[]; placeholder: string; showSearch: true; }' is not assignable to type 'IntrinsicAttributes & SelectProps'.
  Property 'showSearch' does not exist on type 'IntrinsicAttributes & SelectProps'.
src/components/areas/finance/TransactionsTab.tsx(287,105): error TS2339: Property 'Option' does not exist on type '({ value, defaultValue, onChange, options, placeholder, size, invalid, disabled, fullWidth, "aria-label": ariaLabel, id, renderValue, children, }: SelectProps) => Element'.
src/components/areas/finance/TransactionsTab.tsx(287,142): error TS2339: Property 'Option' does not exist on type '({ value, defaultValue, onChange, options, placeholder, size, invalid, disabled, fullWidth, "aria-label": ariaLabel, id, renderValue, children, }: SelectProps) => Element'.
src/components/areas/finance/TransactionsTab.tsx(292,48): error TS2322: Type '{ children: Element[]; placeholder: string; allowClear: true; }' is not assignable to type 'IntrinsicAttributes & SelectProps'.
  Property 'allowClear' does not exist on type 'IntrinsicAttributes & SelectProps'.
src/components/areas/finance/TransactionsTab.tsx(293,59): error TS2339: Property 'Option' does not exist on type '({ value, defaultValue, onChange, options, placeholder, size, invalid, disabled, fullWidth, "aria-label": ariaLabel, id, renderValue, children, }: SelectProps) => Element'.
src/components/areas/finance/TransactionsTab.tsx(293,107): error TS2339: Property 'Option' does not exist on type '({ value, defaultValue, onChange, options, placeholder, size, invalid, disabled, fullWidth, "aria-label": ariaLabel, id, renderValue, children, }: SelectProps) => Element'.
src/components/areas/finance/TransactionsTab.tsx(300,51): error TS2322: Type 'Dispatch<SetStateAction<boolean>>' is not assignable to type 'ChangeEventHandler<HTMLInputElement>'.
  Types of parameters 'value' and 'event' are incompatible.
    Type 'ChangeEvent<HTMLInputElement>' is not assignable to type 'SetStateAction<boolean>'.
src/components/areas/finance/TransactionsTab.tsx(311,54): error TS2322: Type '{ children: Element[]; placeholder: string; showSearch: true; }' is not assignable to type 'IntrinsicAttributes & SelectProps'.
  Property 'showSearch' does not exist on type 'IntrinsicAttributes & SelectProps'.
src/components/areas/finance/TransactionsTab.tsx(312,62): error TS2339: Property 'Option' does not exist on type '({ value, defaultValue, onChange, options, placeholder, size, invalid, disabled, fullWidth, "aria-label": ariaLabel, id, renderValue, children, }: SelectProps) => Element'.
src/components/areas/finance/TransactionsTab.tsx(312,99): error TS2339: Property 'Option' does not exist on type '({ value, defaultValue, onChange, options, placeholder, size, invalid, disabled, fullWidth, "aria-label": ariaLabel, id, renderValue, children, }: SelectProps) => Element'.
src/components/areas/finance/TransactionsTab.tsx(316,36): error TS2322: Type '{ startAdornment: string; placeholder: string; min: 0.01; className: string; }' is not assignable to type 'IntrinsicAttributes & InputNumberProps<0.01> & { children?: ReactNode; } & RefAttributes<InputNumberRef>'.
  Property 'startAdornment' does not exist on type 'IntrinsicAttributes & InputNumberProps<0.01> & { children?: ReactNode; } & RefAttributes<InputNumberRef>'.
src/components/areas/finance/TransactionsTab.tsx(342,21): error TS2322: Type '{ mode: string; placeholder: string; open: boolean; suffixIcon: null; tokenSeparators: string[]; }' is not assignable to type 'IntrinsicAttributes & SelectProps'.
  Property 'mode' does not exist on type 'IntrinsicAttributes & SelectProps'.
src/components/areas/finance/TransactionsTab.tsx(506,11): error TS2322: Type '{ value: string; onChange: (e: ChangeEvent<HTMLInputElement>) => void; placeholder: string; startAdornment: Element; allowClear: true; className: string; size: "sm"; }' is not assignable to type 'IntrinsicAttributes & InputProps & RefAttributes<HTMLInputElement>'.
  Property 'allowClear' does not exist on type 'IntrinsicAttributes & InputProps & RefAttributes<HTMLInputElement>'.
src/components/areas/finance/TransactionsTab.tsx(521,11): error TS2322: Type '{ size: "sm"; value: "Total" | "Daily" | "Calendar" | "Weekly" | "Monthly"; onChange: (v: string) => void; className: string; options: { label: string; value: string; }[]; }' is not assignable to type 'IntrinsicAttributes & SelectProps'.
  Property 'className' does not exist on type 'IntrinsicAttributes & SelectProps'.
src/components/areas/finance/TransactionsTab.tsx(534,11): error TS2322: Type 'number' is not assignable to type 'string'.
src/components/areas/finance/TransactionsTab.tsx(536,36): error TS2345: Argument of type 'string' is not assignable to parameter of type 'number'.
src/components/areas/finance/TransactionsTab.tsx(537,54): error TS2345: Argument of type 'string' is not assignable to parameter of type 'number'.
src/components/areas/finance/TransactionsTab.tsx(541,11): error TS2322: Type '{ label: string; value: number; }[]' is not assignable to type 'SelectOption[]'.
  Type '{ label: string; value: number; }' is not assignable to type 'SelectOption'.
    Types of property 'value' are incompatible.
      Type 'number' is not assignable to type 'string'.
src/components/areas/finance/TransactionsTab.tsx(547,11): error TS2322: Type 'number' is not assignable to type 'string'.
src/components/areas/finance/TransactionsTab.tsx(549,37): error TS2345: Argument of type 'string' is not assignable to parameter of type 'number'.
src/components/areas/finance/TransactionsTab.tsx(550,55): error TS2345: Argument of type 'string' is not assignable to parameter of type 'number'.
src/components/areas/finance/TransactionsTab.tsx(554,11): error TS2322: Type '{ label: string; value: number; }[]' is not assignable to type 'SelectOption[]'.
  Type '{ label: string; value: number; }' is not assignable to type 'SelectOption'.
    Types of property 'value' are incompatible.
      Type 'number' is not assignable to type 'string'.
src/components/areas/finance/TransactionsTab.tsx(561,13): error TS2322: Type 'number' is not assignable to type 'string'.
src/components/areas/finance/TransactionsTab.tsx(563,42): error TS2345: Argument of type 'string' is not assignable to parameter of type 'number'.
src/components/areas/finance/TransactionsTab.tsx(567,13): error TS2322: Type '{ label: string; value: number; }[]' is not assignable to type 'SelectOption[]'.
  Type '{ label: string; value: number; }' is not assignable to type 'SelectOption'.
    Types of property 'value' are incompatible.
      Type 'number' is not assignable to type 'string'.
src/components/areas/finance/TransactionsTab.tsx(921,11): error TS2322: Type '{ size: "sm"; placeholder: string; allowClear: true; className: string; value: string | undefined; onChange: (a: string | undefined) => void; options: { label: any; value: any; }[]; }' is not assignable to type 'IntrinsicAttributes & SelectProps'.
  Property 'allowClear' does not exist on type 'IntrinsicAttributes & SelectProps'.
src/components/areas/finance/TransactionsTab.tsx(931,11): error TS2322: Type '{ size: "sm"; placeholder: string; allowClear: true; className: string; value: string | undefined; onChange: (c: string | undefined) => void; options: { label: any; value: any; }[]; }' is not assignable to type 'IntrinsicAttributes & SelectProps'.
  Property 'allowClear' does not exist on type 'IntrinsicAttributes & SelectProps'.
src/components/areas/finance/TransactionsTab.tsx(938,118): error TS2322: Type '{ size: "sm"; placeholder: string; value: string; onChange: (e: ChangeEvent<HTMLInputElement>) => void; allowClear: true; }' is not assignable to type 'IntrinsicAttributes & InputProps & RefAttributes<HTMLInputElement>'.
  Property 'allowClear' does not exist on type 'IntrinsicAttributes & InputProps & RefAttributes<HTMLInputElement>'.
src/components/areas/finance/TransactionsTab.tsx(941,24): error TS2322: Type '"sm"' is not assignable to type 'SizeType'.
src/components/areas/finance/TransactionsTab.tsx(942,24): error TS2322: Type '"sm"' is not assignable to type 'SizeType'.
src/components/areas/finance/TransactionsTab.tsx(946,11): error TS2322: Type '"sm"' is not assignable to type 'SizeType'.
src/components/areas/finance/TransactionsTab.tsx(954,47): error TS2322: Type '{ children: string; size: "sm"; variant: "ghost"; tone: string; onClick: () => void; className: string; }' is not assignable to type 'IntrinsicAttributes & ButtonProps & RefAttributes<HTMLButtonElement>'.
  Property 'tone' does not exist on type 'IntrinsicAttributes & ButtonProps & RefAttributes<HTMLButtonElement>'.
src/components/areas/finance/TransactionsTab.tsx(954,134): error TS17001: JSX elements cannot have multiple attributes with the same name.
